[demo2.tokomoo.com/livre/homepage-livre-v14/index.html]
[backblue.gif]
[fade.gif]
[index.html]
[demo2.tokomoo.com/livre/wp-includes/css/dist/block-library/style.min080f.css]
[demo2.tokomoo.com/livre/wp-content/plugins/woocommerce/packages/woocommerce-blocks/build/vendors-style1852.css]
[demo2.tokomoo.com/livre/wp-content/plugins/woocommerce/packages/woocommerce-blocks/build/style1852.css]
[demo2.tokomoo.com/livre/wp-content/plugins/yith-woocommerce-wishlist/assets/css/jquery.selectBox7359.css]
[demo2.tokomoo.com/livre/wp-content/plugins/yith-woocommerce-wishlist/assets/css/font-awesome1849.css]
[demo2.tokomoo.com/livre/wp-content/plugins/woocommerce/assets/css/prettyPhoto005e.css]
[demo2.tokomoo.com/livre/wp-content/plugins/yith-woocommerce-wishlist/assets/css/styleac5b.css]
[demo2.tokomoo.com/livre/wp-content/plugins/tokoo-vitamins/extensions/mega-menus/fonts/icomoon/style080f.css]
[demo2.tokomoo.com/livre/wp-content/plugins/tokoo-vitamins/extensions/mega-menus/fonts/fontello-7275ca86/css/fontello080f.css]
[demo2.tokomoo.com/livre/wp-content/plugins/tokoo-vitamins/extensions/mega-menus/fonts/themify-icons/themify-icons080f.css]
[demo2.tokomoo.com/livre/wp-content/plugins/contact-form-7/includes/css/styles7661.css]
[demo2.tokomoo.com/livre/wp-content/plugins/yith-woocommerce-quick-view/assets/css/yith-quick-view905d.css]
[demo2.tokomoo.com/livre/wp-content/themes/livre/assets/fonts/livre-icons/style080f.css]
[demo2.tokomoo.com/livre/wp-content/themes/livre/bootstrap/assets/css/koo-shortcodes080f.css]
[demo2.tokomoo.com/livre/wp-content/themes/livre/style001e.css]
[demo2.tokomoo.com/livre/wp-content/themes/livre/assets/css/main001e.css]
[demo2.tokomoo.com/livre/wp-content/themes/livre/assets/css/font-icons001e.css]
[demo2.tokomoo.com/livre/wp-content/plugins/kingcomposer/assets/frontend/css/kingcomposer.min7d47.css]
[demo2.tokomoo.com/livre/wp-content/plugins/kingcomposer/assets/css/animate7d47.css]
[demo2.tokomoo.com/livre/wp-content/plugins/kingcomposer/assets/css/icons7d47.css]
[demo2.tokomoo.com/livre/wp-includes/js/jquery/jquery.minaf6c.js]
[demo2.tokomoo.com/livre/wp-includes/js/jquery/jquery-migrate.mind617.js]
[demo2.tokomoo.com/livre/wp-content/uploads/sites/16/2019/07/livre-home14-bg1-1024x474.jpg]
[demo2.tokomoo.com/livre/wp-content/uploads/sites/16/2017/06/logo.png]
[demo2.tokomoo.com/livre/wp-content/uploads/sites/16/2019/06/animal-book.png]
[demo2.tokomoo.com/livre/wp-content/uploads/sites/16/2019/06/iconfinder_play_126575_edit.png]
[demo2.tokomoo.com/livre/wp-content/uploads/sites/16/2019/06/animal-book-2.png]
[demo2.tokomoo.com/livre/wp-content/uploads/sites/16/2019/06/1.png]
[demo2.tokomoo.com/livre/wp-content/uploads/sites/16/2019/06/2.png]
[demo2.tokomoo.com/livre/wp-content/uploads/sites/16/2019/06/3.png]
[demo2.tokomoo.com/livre/wp-content/uploads/sites/16/2019/06/5.png]
[demo2.tokomoo.com/livre/wp-content/uploads/sites/16/2019/06/6.png]
[demo2.tokomoo.com/livre/wp-content/uploads/sites/16/2019/06/7.png]
[demo2.tokomoo.com/livre/wp-content/uploads/sites/16/2019/06/8.png]
[demo2.tokomoo.com/livre/wp-content/uploads/sites/16/2019/06/10.png]
[demo2.tokomoo.com/livre/wp-content/uploads/sites/16/2017/11/team-10-2.jpg]
[demo2.tokomoo.com/livre/wp-content/uploads/sites/16/2017/11/team-9-2.jpg]
[demo2.tokomoo.com/livre/wp-content/plugins/woocommerce/assets/css/photoswipe/photoswipe.min4245.css]
[demo2.tokomoo.com/livre/wp-content/plugins/woocommerce/assets/css/photoswipe/default-skin/default-skin.min4245.css]
[demo2.tokomoo.com/livre/wp-content/plugins/yith-woocommerce-wishlist/assets/js/jquery.selectBox.min7359.js]
[demo2.tokomoo.com/livre/homepage-livre-v14/indexffc4.html]
[demo2.tokomoo.com/livre/homepage-livre-v14/index216e.html]
[demo2.tokomoo.com/livre/homepage-livre-v14/indexf277.html]
[demo2.tokomoo.com/livre/wp-content/plugins/woocommerce/assets/js/prettyPhoto/jquery.prettyPhoto.min005e.js]
[demo2.tokomoo.com/livre/wp-content/plugins/yith-woocommerce-wishlist/assets/js/jquery.yith-wcwl.minac5b.js]
[demo2.tokomoo.com/livre/wp-includes/js/jquery/ui/core.min35d0.js]
[demo2.tokomoo.com/livre/homepage-livre-v14/index2f28.html]
[demo2.tokomoo.com/livre/wp-includes/js/jquery/ui/accordion.min35d0.js]
[demo2.tokomoo.com/livre/wp-includes/js/jquery/ui/tabs.min35d0.js]
[demo2.tokomoo.com/livre/wp-includes/js/dist/vendor/regenerator-runtime.minb36a.js]
[demo2.tokomoo.com/livre/wp-includes/js/dist/vendor/wp-polyfill.min2c7c.js]
[demo2.tokomoo.com/livre/wp-content/plugins/contact-form-7/includes/js/index7661.js]
[demo2.tokomoo.com/livre/wp-content/plugins/woocommerce/assets/js/jquery-blockui/jquery.blockUI.min44fd.js]
[demo2.tokomoo.com/livre/wp-content/plugins/woocommerce/assets/js/frontend/add-to-cart.min4245.js]
[demo2.tokomoo.com/livre/wp-content/plugins/woocommerce/assets/js/js-cookie/js.cookie.min6b25.js]
[demo2.tokomoo.com/livre/wp-content/plugins/woocommerce/assets/js/frontend/woocommerce.min4245.js]
[demo2.tokomoo.com/livre/wp-content/plugins/woocommerce/assets/js/frontend/cart-fragments.min4245.js]
[demo2.tokomoo.com/livre/wp-content/plugins/yith-woocommerce-quick-view/assets/js/frontend.min905d.js]
[demo2.tokomoo.com/livre/wp-content/themes/livre/bootstrap/assets/js/koo-shortcodes080f.js]
[demo2.tokomoo.com/livre/wp-includes/js/jquery/ui/datepicker.min35d0.js]
[demo2.tokomoo.com/livre/wp-content/themes/livre/assets/js/plugins/gmap3001e.js]
[demo2.tokomoo.com/livre/wp-content/themes/livre/assets/js/plugins/isotope.pkgd.min001e.js]
[demo2.tokomoo.com/livre/wp-content/themes/livre/assets/js/plugins/jquery.finalCountdown.min001e.js]
[demo2.tokomoo.com/livre/wp-content/themes/livre/assets/js/plugins/jquery.flexslider.min001e.js]
[demo2.tokomoo.com/livre/wp-content/themes/livre/assets/js/plugins/jquery.hoverIntent001e.js]
[demo2.tokomoo.com/livre/wp-content/themes/livre/assets/js/plugins/jquery.lazyload.min001e.js]
[demo2.tokomoo.com/livre/wp-content/themes/livre/assets/js/plugins/jquery.sticky-kit.min001e.js]
[demo2.tokomoo.com/livre/wp-content/themes/livre/assets/js/plugins/modernizr001e.js]
[demo2.tokomoo.com/livre/wp-content/themes/livre/assets/js/plugins/ScrollMagic.min001e.js]
[demo2.tokomoo.com/livre/wp-content/themes/livre/assets/js/plugins/slick.min001e.js]
[demo2.tokomoo.com/livre/wp-content/themes/livre/assets/js/plugins/social-share001e.js]
[demo2.tokomoo.com/livre/wp-content/themes/livre/assets/js/plugins/text-gradient001e.js]
[demo2.tokomoo.com/livre/wp-content/themes/livre/assets/js/plugins/venobox.min001e.js]
[demo2.tokomoo.com/livre/wp-content/themes/livre/assets/js/main001e.js]
[demo2.tokomoo.com/livre/wp-content/plugins/kingcomposer/assets/frontend/js/kingcomposer.min7d47.js]
[demo2.tokomoo.com/livre/wp-includes/js/wp-embed.min080f.js]
[demo2.tokomoo.com/livre/wp-includes/js/underscore.min0028.js]
[demo2.tokomoo.com/livre/wp-includes/js/wp-util.min080f.js]
[demo2.tokomoo.com/livre/wp-content/plugins/woocommerce/assets/js/frontend/add-to-cart-variation.min4245.js]
[demo2.tokomoo.com/livre/wp-content/plugins/woocommerce/assets/js/zoom/jquery.zoom.min5a35.js]
[demo2.tokomoo.com/livre/wp-content/plugins/woocommerce/assets/js/photoswipe/photoswipe.min0235.js]
[demo2.tokomoo.com/livre/wp-content/plugins/woocommerce/assets/js/photoswipe/photoswipe-ui-default.min0235.js]
[demo2.tokomoo.com/livre/homepage-livre-v14/index.html]
[demo2.tokomoo.com/livre/wp-includes/css/dist/block-library/style.min080f.css]
[demo2.tokomoo.com/livre/wp-content/plugins/woocommerce/packages/woocommerce-blocks/build/vendors-style1852.css]
[demo2.tokomoo.com/livre/wp-content/plugins/woocommerce/packages/woocommerce-blocks/build/style1852.css]
[demo2.tokomoo.com/livre/wp-content/plugins/woocommerce/assets/js/frontend/single-product.min4245.js]
[demo2.tokomoo.com/livre/wp-content/plugins/yith-woocommerce-wishlist/assets/images/jquery.selectBox-arrow.gif]
[demo2.tokomoo.com/livre/wp-content/plugins/yith-woocommerce-wishlist/assets/css/jquery.selectBox7359.css]
[demo2.tokomoo.com/livre/wp-content/plugins/yith-woocommerce-wishlist/assets/css/font-awesome1849.css]
[demo2.tokomoo.com/livre/wp-content/plugins/woocommerce/assets/css/prettyPhoto005e.css]
[demo2.tokomoo.com/livre/wp-content/plugins/yith-woocommerce-wishlist/assets/images/jquery.selectBox-arrow.png]
[demo2.tokomoo.com/livre/wp-content/plugins/yith-woocommerce-wishlist/assets/css/styleac5b.css]
[demo2.tokomoo.com/livre/wp-content/plugins/tokoo-vitamins/extensions/mega-menus/fonts/icomoon/fonts/icomoona4cf.eot]
[demo2.tokomoo.com/livre/wp-content/plugins/tokoo-vitamins/extensions/mega-menus/fonts/icomoon/fonts/icomoond41d.eot]
[demo2.tokomoo.com/livre/wp-content/plugins/tokoo-vitamins/extensions/mega-menus/fonts/icomoon/fonts/icomoona4cf.woff]
[demo2.tokomoo.com/livre/wp-content/plugins/tokoo-vitamins/extensions/mega-menus/fonts/icomoon/fonts/icomoona4cf.ttf]
[demo2.tokomoo.com/livre/wp-content/plugins/tokoo-vitamins/extensions/mega-menus/fonts/icomoon/style080f.css]
[demo2.tokomoo.com/livre/wp-content/plugins/tokoo-vitamins/extensions/mega-menus/fonts/fontello-7275ca86/css/fontello080f.css]
[demo2.tokomoo.com/livre/wp-content/plugins/tokoo-vitamins/extensions/mega-menus/fonts/icomoon/fonts/icomoona4cf.svg]
[demo2.tokomoo.com/livre/wp-content/plugins/tokoo-vitamins/extensions/mega-menus/fonts/themify-icons/fonts/themify9f24.eot]
[demo2.tokomoo.com/livre/wp-content/plugins/tokoo-vitamins/extensions/mega-menus/fonts/themify-icons/fonts/themifyd41d.eot]
[demo2.tokomoo.com/livre/wp-content/plugins/tokoo-vitamins/extensions/mega-menus/fonts/themify-icons/fonts/themify9f24.woff]
[demo2.tokomoo.com/livre/wp-content/plugins/tokoo-vitamins/extensions/mega-menus/fonts/themify-icons/fonts/themify9f24.ttf]
[demo2.tokomoo.com/livre/wp-content/plugins/tokoo-vitamins/extensions/mega-menus/fonts/themify-icons/themify-icons080f.css]
[demo2.tokomoo.com/livre/wp-content/plugins/contact-form-7/includes/css/styles7661.css]
[demo2.tokomoo.com/livre/wp-content/plugins/yith-woocommerce-quick-view/assets/css/yith-quick-view905d.css]
[demo2.tokomoo.com/livre/wp-content/plugins/tokoo-vitamins/extensions/mega-menus/fonts/themify-icons/fonts/themify9f24.svg]
[demo2.tokomoo.com/livre/wp-content/themes/livre/assets/fonts/livre-icons/fonts/koo-iconefac.eot]
[demo2.tokomoo.com/livre/wp-content/themes/livre/assets/fonts/livre-icons/fonts/koo-iconefac.ttf]
[demo2.tokomoo.com/livre/wp-content/themes/livre/assets/fonts/livre-icons/fonts/koo-iconefac.woff]
[demo2.tokomoo.com/livre/wp-content/themes/livre/assets/fonts/livre-icons/style080f.css]
[demo2.tokomoo.com/livre/wp-content/themes/livre/assets/fonts/livre-icons/fonts/koo-iconefac.svg]
[demo2.tokomoo.com/livre/wp-content/themes/livre/bootstrap/assets/img/toggle-closed.png]
[demo2.tokomoo.com/livre/wp-content/themes/livre/bootstrap/assets/img/toggle-open.png]
[demo2.tokomoo.com/livre/wp-content/themes/livre/bootstrap/assets/css/koo-shortcodes080f.css]
[demo2.tokomoo.com/livre/wp-content/themes/livre/style001e.css]
[demo2.tokomoo.com/livre/wp-content/themes/livre/assets/img/select-arrow.png]
[demo2.tokomoo.com/livre/wp-content/themes/livre/assets/img/dummy/outer-space.jpg]
[demo2.tokomoo.com/livre/wp-content/themes/livre/assets/img/pattern.png]
[demo2.tokomoo.com/livre/wp-content/themes/livre/assets/img/preload-circle.png]
[demo2.tokomoo.com/livre/wp-content/themes/livre/assets/img/close.gif]
[demo2.tokomoo.com/livre/wp-content/themes/livre/assets/img/prev.gif]
[demo2.tokomoo.com/livre/wp-content/themes/livre/assets/img/next.gif]
[demo2.tokomoo.com/livre/wp-content/themes/livre/assets/css/main001e.css]
[demo2.tokomoo.com/livre/wp-content/themes/livre/assets/css/font-icons001e.css]
[demo2.tokomoo.com/livre/wp-content/plugins/kingcomposer/assets/frontend/images/loader.png]
[demo2.tokomoo.com/livre/wp-content/plugins/kingcomposer/assets/frontend/images/loading.gif]
[demo2.tokomoo.com/livre/wp-content/plugins/kingcomposer/assets/frontend/images/fb_loading.gif]
[demo2.tokomoo.com/livre/wp-content/plugins/kingcomposer/assets/frontend/images/icon-remove.png]
[demo2.tokomoo.com/livre/wp-content/plugins/kingcomposer/assets/frontend/css/kingcomposer.min7d47.css]
[demo2.tokomoo.com/livre/wp-content/plugins/kingcomposer/assets/css/animate7d47.css]
[demo2.tokomoo.com/livre/wp-content/plugins/kingcomposer/assets/css/fonts/Simple-Line-Icons4c82.eot]
[demo2.tokomoo.com/livre/wp-content/plugins/kingcomposer/assets/css/fonts/Simple-Line-Iconsd41d.eot]
[demo2.tokomoo.com/livre/wp-content/plugins/kingcomposer/assets/css/fonts/Simple-Line-Icons.ttf]
[demo2.tokomoo.com/livre/wp-content/plugins/kingcomposer/assets/css/fonts/Simple-Line-Icons.woff]
[demo2.tokomoo.com/livre/wp-content/plugins/kingcomposer/assets/css/fonts/Simple-Line-Iconsd41d.svg]
[demo2.tokomoo.com/livre/wp-content/plugins/kingcomposer/assets/css/fonts/et-line.eot]
[demo2.tokomoo.com/livre/wp-content/plugins/kingcomposer/assets/css/fonts/et-lined41d.eot]
[demo2.tokomoo.com/livre/wp-content/plugins/kingcomposer/assets/css/fonts/et-line.woff]
[demo2.tokomoo.com/livre/wp-content/plugins/kingcomposer/assets/css/fonts/et-line.ttf]
[demo2.tokomoo.com/livre/wp-content/plugins/kingcomposer/assets/css/fonts/et-line.svg]
[demo2.tokomoo.com/livre/wp-content/plugins/kingcomposer/assets/css/fonts/fa-solid-900.eot]
[demo2.tokomoo.com/livre/wp-content/plugins/kingcomposer/assets/css/fonts/fa-solid-900d41d.eot]
[demo2.tokomoo.com/livre/wp-content/plugins/kingcomposer/assets/css/fonts/fa-solid-900.woff2]
[demo2.tokomoo.com/livre/wp-content/plugins/kingcomposer/assets/css/fonts/fa-solid-900.woff]
[demo2.tokomoo.com/livre/wp-content/plugins/kingcomposer/assets/css/fonts/fa-solid-900.ttf]
[demo2.tokomoo.com/livre/wp-content/plugins/kingcomposer/assets/css/fonts/fa-solid-900.svg]
[demo2.tokomoo.com/livre/wp-content/plugins/kingcomposer/assets/css/fonts/fa-brands-400.eot]
[demo2.tokomoo.com/livre/wp-content/plugins/kingcomposer/assets/css/fonts/fa-brands-400d41d.eot]
[demo2.tokomoo.com/livre/wp-content/plugins/kingcomposer/assets/css/fonts/fa-brands-400.woff2]
[demo2.tokomoo.com/livre/wp-content/plugins/kingcomposer/assets/css/fonts/fa-brands-400.woff]
[demo2.tokomoo.com/livre/wp-content/plugins/kingcomposer/assets/css/fonts/fa-brands-400.ttf]
[demo2.tokomoo.com/livre/wp-content/plugins/kingcomposer/assets/css/icons7d47.css]
[demo2.tokomoo.com/livre/homepage-livre-v14/indexffc4.html]
[demo2.tokomoo.com/livre/homepage-livre-v14/index216e.html]
[demo2.tokomoo.com/livre/homepage-livre-v14/indexf277.html]
[demo2.tokomoo.com/livre/homepage-livre-v14/index2f28.html]
[demo2.tokomoo.com/livre/wp-content/plugins/kingcomposer/assets/css/fonts/fa-brands-400.svg]
[demo2.tokomoo.com/livre/wp-content/plugins/woocommerce/assets/css/photoswipe/default-skin/default-skin.png]
[demo2.tokomoo.com/livre/wp-content/plugins/woocommerce/assets/css/photoswipe/photoswipe.min4245.css]
[demo2.tokomoo.com/livre/wp-content/plugins/woocommerce/assets/css/photoswipe/default-skin/default-skin.svg]
[demo2.tokomoo.com/livre/wp-content/plugins/woocommerce/assets/css/photoswipe/default-skin/default-skin.min4245.css]
[demo2.tokomoo.com/livre/wp-content/plugins/woocommerce/assets/css/photoswipe/default-skin/preloader.gif]
[demo2.tokomoo.com/livre/wp-content/plugins/tokoo-vitamins/extensions/mega-menus/fonts/icomoon/fonts/icomoona4cf.svg]
[demo2.tokomoo.com/livre/wp-content/plugins/tokoo-vitamins/extensions/mega-menus/fonts/themify-icons/fonts/themify9f24.svg]
[demo2.tokomoo.com/livre/wp-content/themes/livre/assets/fonts/livre-icons/fonts/koo-iconefac.svg]
[www.google.com/adsense/domains/caf.js]
[img1.wsimg.com/parking-lander/static/js/2.a0b81bff.chunk.js]
[theme.dev/pustaka/wp-content/themes/pustaka/assets/img/dummy/blog_13.html]
[demo2.tokomoo.com/livre/wp-content/plugins/kingcomposer/assets/css/fonts/Simple-Line-Iconsd41d.svg]
[img1.wsimg.com/parking-lander/static/js/main.31e47cc9.chunk.js]
[demo2.tokomoo.com/livre/wp-content/plugins/kingcomposer/assets/css/fonts/et-line.svg]
[demo2.tokomoo.com/livre/wp-content/plugins/kingcomposer/assets/css/fonts/fa-solid-900.svg]
[demo2.tokomoo.com/livre/wp-content/plugins/kingcomposer/assets/css/fonts/fa-brands-400.svg]
[demo2.tokomoo.com/livre/wp-content/plugins/woocommerce/assets/css/photoswipe/default-skin/default-skin.svg]
[demo.tokomoo.com/livre/books/wp-content/uploads/sites/3/2017/07/1-1-1-1.jpeg]
[demo2.tokomoo.com/livre/wp-content/themes/livre/assets/css/images/icons/valid.html]
[demo2.tokomoo.com/livre/wp-content/themes/livre/assets/css/images/icons/invalid.html]
